"id","bool"
"5716054bee6e764c94fa7ddd","1"
"5716054bee6e764c94fa8181","0"
"5716054bee6e764c94fa8213",""
