"value"
"2020-03-18T01:00:00Z"
"2020-03-18T02:00:00Z"
"2020-03-18T05:00:00Z"
"2020-03-18T06:00:00Z"
