"5716054cee6e764c94fa9f31","1617-A National Bakery"
"5716054cee6e764c94fad66f","Jacqueline'S Bakery Restaurant"
"5716054bee6e764c94fa8c13","La Nueva Giralda Bakery"
"5716054bee6e764c94fa841e","Nacional Bakery #1"
"5716054bee6e764c94fa8ff6","National Bakery"
"5716054cee6e764c94faa105","National Bakery"
