"w","n","zipcode","street","bakeries_id"
"-73.8747516","40.829474","10472","Westchester Avenue","5716054cee6e764c94fa9f31"
"-73.8767078","40.8290734","10472","Westchester Avenue","5716054cee6e764c94fad66f"
"-73.885417","40.82766","10459","Westchester Avenue","5716054bee6e764c94fa8c13"
"-73.8806669","40.8283447","10472","Westchester Avenue","5716054bee6e764c94fa841e"
"-73.8789604","40.8286012","10472","Westchester Avenue","5716054bee6e764c94fa8ff6"
"-73.8510158","40.8342588","10462","Westchester Avenue","5716054cee6e764c94faa105"
