"5716054bee6e764c94fa7ddd","Morris Park Bake Shop"
