"id","numberLong","numberLongInObject"
"5716054bee6e764c94fa8213","1050845886852","1050845886852"
"5716054bee6e764c94fa8181","2000000000000","2000000000000"
"5716054bee6e764c94fa7ddd","2090845886852","2090845886852"