{"lastFetchedRow":{"export-id":"ISODate(\"2020-03-18T06:00:00Z\")"}}