{"lastFetchedRow":"ObjectId(\"6278f6fcfa76b54e3094a204\")"}