"id","decimal","date","timestamp"
"1","123.344","2020-05-18T16:00:00Z","1587646020"
