"id","data"
"123","{""_id"":123}"
"123.456","{""_id"":123.456}"
"123456","{""_id"":""123456""}"
"94fa7ddd","{""_id"":""94fa7ddd""}"
"94fa8181","{""_id"":""94fa8181""}"
"94fa8213","{""_id"":""94fa8213""}"
"","{""_id"":{""key"":""value""}}"
"5716054bee6e764c94fa7ddd","{""_id"":{""$oid"":""5716054bee6e764c94fa7ddd""}}"
"5716054bee6e764c94fa8181","{""_id"":{""$oid"":""5716054bee6e764c94fa8181""}}"
