{"lastFetchedRow":{"export-id":"ISODate(\"2020-05-18T16:00:00Z\")"}}
