{"lastFetchedRow":{"export-id":"ObjectId(\"%s\")"}}