"id","decimal","date","timestamp"
"1","123.344","2020-05-18T16:00:00Z","1587646020"
"2","133.444","2020-02-15T13:00:00Z","1587626020"
