"5716054bee6e764c94fa8ff6","National Bakery"
"5716054bee6e764c94fa93f9","National Bakery"
"5716054bee6e764c94fa9620","National Bakery"
