"5716054bee6e764c94fa7ddd","2090845886852","2090845886852"
