"id","data"
"5716054bee6e764c94fa8181","{""_id"":{""$oid"":""5716054bee6e764c94fa8181""},""key"":1}"
"5716054bee6e764c94fa8182","{""_id"":{""$oid"":""5716054bee6e764c94fa8182""},""key"":{""$numberDouble"":""NaN""}}"
"5716054bee6e764c94fa8183","{""_id"":{""$oid"":""5716054bee6e764c94fa8183""},""key"":3}"
"5716054bee6e764c94fa8184","{""_id"":{""$oid"":""5716054bee6e764c94fa8184""},""key"":4}"
"5716054bee6e764c94fa8185","{""_id"":{""$oid"":""5716054bee6e764c94fa8185""},""key"":{""$numberDouble"":""NaN""}}"
"5716054bee6e764c94fa8186","{""_id"":{""$oid"":""5716054bee6e764c94fa8186""},""key"":6}"
