"1","123","d65f09a7f75f31ad639f3c2b1d7d4d3d"
"1","123","d65f09a7f75f31ad639f3c2b1d7d4d3d"
"20","456","77297cc0f4e8f0ea5641dd4b688b331f"
"20","456","77297cc0f4e8f0ea5641dd4b688b331f"
