"123","123","d65f09a7f75f31ad639f3c2b1d7d4d3d","d65f09a7f75f31ad639f3c2b1d7d4d3d","7d0cae8a5690da82b226698d23e94a21"
"123","123","d65f09a7f75f31ad639f3c2b1d7d4d3d","d65f09a7f75f31ad639f3c2b1d7d4d3d","dc6b61323e318be5ec4a277583bdfe0b"
"456","123","77297cc0f4e8f0ea5641dd4b688b331f","77297cc0f4e8f0ea5641dd4b688b331f","81f804cf4fb0e85c4a6563ce5184c92d"
"456","123","77297cc0f4e8f0ea5641dd4b688b331f","77297cc0f4e8f0ea5641dd4b688b331f","0e758a1da8bc9357e64286b1d0fbe2a0"
