"5716054bee6e764c94fa7aaa","7d0cae8a5690da82b226698d23e94a21"
"5716054bee6e764c94fa7aab","dc6b61323e318be5ec4a277583bdfe0b"
"5716054bee6e764c94fa7aac","81f804cf4fb0e85c4a6563ce5184c92d"
"5716054bee6e764c94fa7aad","0e758a1da8bc9357e64286b1d0fbe2a0"
