"count","itemId","level1_pk"
"1","123","ad1c2165423aa6c30ae7b2515625a1ab"
"1","123","cf90539a89e1696793d8f8c29b89ca61"
"20","456","77d54caf02384eea2f166dff9cdb70c1"
"20","456","854dab3d9cfa9d5994da2ddeec1e9446"
