"123","123","ad1c2165423aa6c30ae7b2515625a1ab","ad1c2165423aa6c30ae7b2515625a1ab","abd3a376c3391349acdd8314c86d52c2"
"123","123","cf90539a89e1696793d8f8c29b89ca61","cf90539a89e1696793d8f8c29b89ca61","242e5b0bd72bbe997aa19b77707bae5a"
"456","123","77d54caf02384eea2f166dff9cdb70c1","77d54caf02384eea2f166dff9cdb70c1","da9abe6c21ccf7b9eb54d279b0b70326"
"456","123","854dab3d9cfa9d5994da2ddeec1e9446","854dab3d9cfa9d5994da2ddeec1e9446","17622ddee10ab75bd3de2eb4d96532c1"
