"5716054bee6e764c94fa7aaa","abd3a376c3391349acdd8314c86d52c2"
"5716054bee6e764c94fa7aab","242e5b0bd72bbe997aa19b77707bae5a"
"5716054bee6e764c94fa7aac","da9abe6c21ccf7b9eb54d279b0b70326"
"5716054bee6e764c94fa7aad","17622ddee10ab75bd3de2eb4d96532c1"
