"3","783.028","2020-05-18T11:00:00Z","1587606020"
