"id","name"
"5716054bee6e764c94fa8c8b","Nb. National Bakery"
"5716054cee6e764c94faba0d","La Rosa Bakery"
"5716054cee6e764c94fad056","Emilio Super Bakery Corp"