"id","decimal","date","timestamp"
"2","133.444","2020-02-15T13:00:00Z","1587626020"
"3","783.028","2020-05-18T11:00:00Z","1587606020"
