"id","decimal","date","timestamp"
"4","283.473","2020-04-18T16:00:00Z","1587146020"
