"","","5716054cee6e764c94fadb23"
"-73.887492","40.8556246","5716054cee6e764c94fadb21"
