"5716054cee6e764c94fadb23"
"5716054cee6e764c94fadb22"
"5716054cee6e764c94fadb21"
