"4","283.473","2020-04-18T16:00:00Z","1587146020"
"3","783.028","2020-05-18T11:00:00Z","1587606020"
"2","133.444","2020-02-15T13:00:00Z","1587626020"
"1","123.344","2020-05-18T16:00:00Z","1587646020"
